! CSS Combinator
example.com#?#.p__header > div.p__header-meta + div[class]:contains(/^\s$/)
example.com#%#!function(){const p={apply:(p,e,n)=>{const r=Reflect.apply(p,e,n),s=r?.[0]?.props?.data;return s&&null===s.user&&(r[0].props.data.user="guest"),r}};window.JSON.parse=new Proxy(window.JSON.parse,p)}();
! Pseudo classes
example.com###Footer\:MainFooter\:SocialMediaFooter\:Text
example.com###Footer\:MainFooter\:SocialMediaFooter\:Text + ul
! Network False Positive
[$path=/\/(maps|navi|web-maps)/]ya.ru,yandex.*#%#//scriptlet('set-constant', 'Object.prototype.isStickyAd', 'undefined')
[$path=/\/sites/]forbes.com#%#//scriptlet('prevent-element-src-loading', 'script', 'cds.elements.video/a/player.hls')
[$path=/images]ya.ru,yandex.*#%#//scriptlet('json-prune', 'seatbid rtb direct')
